
> ABC Builders@0.1.0 build
> next build

Γ¿» Another next build process is already running.
  Suggestion: Wait for the build to complete.

  This could be:
  - A next build still in progress
  - A previous build that didn't exit cleanly

